2026-10-05 01:35:55+00:00 [Note] [Entrypoint]: Entrypoint script for MySQL Server 8.4.11-1.el9 started.
2026-10-05 01:35:56+00:00 [Note] [Entrypoint]: Switching to dedicated user 'mysql'
2026-10-05 01:35:56+00:00 [Note] [Entrypoint]: Entrypoint script for MySQL Server 8.4.11-1.el9 started.
2026-10-05 01:35:56+00:00 [Note] [Entrypoint]: Initializing database files
2026-10-05 01:36:01+00:00 [Note] [Entrypoint]: Database files initialized
2026-10-05 01:36:01+00:00 [Note] [Entrypoint]: Starting temporary server
2026-10-05 01:36:02+00:00 [Note] [Entrypoint]: Temporary server started.
'/var/lib/mysql/mysql.sock' -> '/var/run/mysqld/mysqld.sock'

2026-10-05 01:36:04+00:00 [Note] [Entrypoint]: /usr/local/bin/docker-entrypoint.sh: running /docker-entrypoint-initdb.d/00-mir2_account.sql


2026-10-05 01:36:05+00:00 [Note] [Entrypoint]: /usr/local/bin/docker-entrypoint.sh: running /docker-entrypoint-initdb.d/01-mir2_db.sql


2026-10-05 01:36:05+00:00 [Note] [Entrypoint]: /usr/local/bin/docker-entrypoint.sh: running /docker-entrypoint-initdb.d/02-mir2_data.sql


2026-10-05 01:36:10+00:00 [Note] [Entrypoint]: /usr/local/bin/docker-entrypoint.sh: running /docker-entrypoint-initdb.d/03-classic-skills.sql


2026-10-05 01:36:10+00:00 [Note] [Entrypoint]: Stopping temporary server
2026-10-05 01:36:12+00:00 [Note] [Entrypoint]: Temporary server stopped

2026-10-05 01:36:12+00:00 [Note] [Entrypoint]: MySQL init process done. Ready for start up.

2026-10-05T01:35:56.715714Z 0 [System] [MY-015017] [Server] MySQL Server Initialization - start.
2026-10-05T01:35:56.717943Z 0 [System] [MY-013169] [Server] /usr/sbin/mysqld (mysqld 8.4.11) initializing of server in progress as process 86
2026-10-05T01:35:56.726514Z 1 [System] [MY-013576] [InnoDB] InnoDB initialization has started.
2026-10-05T01:35:57.153864Z 1 [System] [MY-013577] [InnoDB] InnoDB initialization has ended.
2026-10-05T01:35:58.613789Z 6 [Warning] [MY-010453] [Server] root@localhost is created with an empty password ! Please consider switching off the --initialize-insecure option.
2026-10-05T01:36:01.022244Z 0 [System] [MY-015018] [Server] MySQL Server Initialization - end.
2026-10-05T01:36:01.080442Z 0 [System] [MY-015015] [Server] MySQL Server - start.
2026-10-05T01:36:01.423118Z 0 [System] [MY-010116] [Server] /usr/sbin/mysqld (mysqld 8.4.11) starting as process 151
2026-10-05T01:36:01.451552Z 1 [System] [MY-013576] [InnoDB] InnoDB initialization has started.
2026-10-05T01:36:01.885196Z 1 [System] [MY-013577] [InnoDB] InnoDB initialization has ended.
2026-10-05T01:36:02.331549Z 0 [Warning] [MY-010068] [Server] CA certificate ca.pem is self signed.
2026-10-05T01:36:02.331598Z 0 [System] [MY-013602] [Server] Channel mysql_main configured to support TLS. Encrypted connections are now supported for this channel.
2026-10-05T01:36:02.335975Z 0 [Warning] [MY-011810] [Server] Insecure configuration for --pid-file: Location '/var/run/mysqld' in the path is accessible to all OS users. Consider choosing a different directory.
2026-10-05T01:36:02.368439Z 0 [System] [MY-011323] [Server] X Plugin ready for connections. Socket: /var/run/mysqld/mysqlx.sock
2026-10-05T01:36:02.368552Z 0 [System] [MY-010931] [Server] /usr/sbin/mysqld: ready for connections. Version: '8.4.11'  socket: '/var/run/mysqld/mysqld.sock'  port: 0  MySQL Community Server - GPL.
2026-10-05T01:36:10.294946Z 21 [System] [MY-013172] [Server] Received SHUTDOWN from user root. Shutting down mysqld (Version: 8.4.11).
2026-10-05T01:36:11.665458Z 0 [System] [MY-010910] [Server] /usr/sbin/mysqld: Shutdown complete (mysqld 8.4.11)  MySQL Community Server - GPL.
2026-10-05T01:36:11.665493Z 0 [System] [MY-015016] [Server] MySQL Server - end.
2026-10-05T01:36:12.325769Z 0 [System] [MY-015015] [Server] MySQL Server - start.
2026-10-05T01:36:12.640795Z 0 [System] [MY-010116] [Server] /usr/sbin/mysqld (mysqld 8.4.11) starting as process 1
2026-10-05T01:36:12.651039Z 1 [System] [MY-013576] [InnoDB] InnoDB initialization has started.
2026-10-05T01:36:12.972207Z 1 [System] [MY-013577] [InnoDB] InnoDB initialization has ended.
2026-10-05T01:36:13.264543Z 0 [Warning] [MY-010068] [Server] CA certificate ca.pem is self signed.
2026-10-05T01:36:13.264595Z 0 [System] [MY-013602] [Server] Channel mysql_main configured to support TLS. Encrypted connections are now supported for this channel.
2026-10-05T01:36:13.269446Z 0 [Warning] [MY-011810] [Server] Insecure configuration for --pid-file: Location '/var/run/mysqld' in the path is accessible to all OS users. Consider choosing a different directory.
2026-10-05T01:36:13.308837Z 0 [System] [MY-011323] [Server] X Plugin ready for connections. Bind-address: '::' port: 33060, socket: /var/run/mysqld/mysqlx.sock
2026-10-05T01:36:13.308929Z 0 [System] [MY-010931] [Server] /usr/sbin/mysqld: ready for connections. Version: '8.4.11'  socket: '/var/run/mysqld/mysqld.sock'  port: 3306  MySQL Community Server - GPL.
