[LoginSrv]     ___                           __  __   _          ____          
   / _ \   _ __     ___   _ __   |  \/  | (_)  _ __  |___ \         
  | | | | | '_ \   / _ \ | '_ \  | |\/| | | | | '__|   __) |        
  | |_| | | |_) | |  __/ | | | | | |  | | | | | |     / __/         
   \___/  | .__/   \___| |_| |_| |_|  |_| |_| |_|    |_____|        
          |_|                                                       
   _                       _           ____                         
  | |       ___     __ _  (_)  _ __   / ___|   _ __  __   __        
  | |      / _ \   / _` | | | | '_ \  \___ \  | '__| \ \ / /        
  | |___  | (_) | | (_| | | | | | | |  ___) | | |     \ V /         
  |_____|  \___/   \__, | |_| |_| |_| |____/  |_|      \_/          
                   |___/                                            
                                                                    
[LoginSrv] 01:49:27.566 [INF] 正在启动服务器...
[LoginSrv] 01:49:27.799 [INF] 账号登陆服务[127.0.0.1:5500]已启动.
[LoginSrv] 01:49:27.802 [INF] 账号数据服务[127.0.0.1:5600]已启动.
[LoginSrv] 01:49:27.804 [INF] 正在连接SQL服务器...
[DBSrv]                                                              
   ___                           __  __   _          ____    
  / _ \   _ __     ___   _ __   |  \/  | (_)  _ __  |___ \   
 | | | | | '_ \   / _ \ | '_ \  | |\/| | | | | '__|   __) |  
 | |_| | | |_) | |  __/ | | | | | |  | | | | | |     / __/   
  \___/  | .__/   \___| |_| |_| |_|  |_| |_| |_|    |_____|  
         |_|                                                 
  ____    ____    ____                                       
 |  _ \  | __ )  / ___|   _ __  __   __                      
 | | | | |  _ \  \___ \  | '__| \ \ / /                      
 | |_| | | |_) |  ___) | | |     \ V /                       
 |____/  |____/  |____/  |_|      \_/                        
                                                             
                                                             
[DBSrv] 01:49:28.119 [INF] [MySQL]数据存储初始化成功.
[DBSrv] 01:49:28.256 [INF] 正在读取基础配置信息...
[DBSrv] 01:49:28.259 [INF] 加载IP授权文件列表成功...[1]
01:49:28.259 [INF] 读取基础配置信息完成...
[DBSrv] 01:49:28.268 [INF] 读取网关配置信息成功.[1]
[DBSrv] 01:49:28.270 [INF] 配置文件读取完成...
[LoginSrv] 01:49:28.301 [INF] 连接SQL服务器成功...
[LoginSrv] 01:49:28.341 [INF] 账号数据读取成功...[52]
01:49:28.341 [INF] 服务已启动成功...
01:49:28.341 [INF] 欢迎使用翎风系列游戏软件...
01:49:28.341 [INF] 网站:http://www.gameofmir.com
[LoginSrv] 01:49:28.341 [INF] 论坛:http://bbs.gameofmir.com
[DBSrv] 01:49:28.892 [INF] 玩家数据网关服务[127.0.0.1:5100]已启动.等待链接...
[DBSrv] 01:49:28.903 [INF] 玩家数据存储服务[127.0.0.1:6000]已启动.等待链接...
[DBSrv] 01:49:28.904 [INF] 拍卖行数据库服务[127.0.0.1:5700]已启动.等待链接...
[DBSrv] 01:49:28.918 [INF] 服务已启动成功...
[DBSrv] 01:49:28.919 [INF] 欢迎使用翎风系列游戏软件...
01:49:28.919 [INF] 网站:http://www.gameofmir.com
01:49:28.919 [INF] 论坛:http://bbs.gameofmir.com
[DBSrv] 01:49:28.928 [INF] 账号服务器[127.0.0.1:5600]链接成功.
[LoginGate]                                                                     
   ___                           __  __   _          ____           
  / _ \   _ __     ___   _ __   |  \/  | (_)  _ __  |___ \          
 | | | | | '_ \   / _ \ | '_ \  | |\/| | | | | '__|   __) |         
 | |_| | | |_) | |  __/ | | | | | |  | | | | | |     / __/          
  \___/  | .__/   \___| |_| |_| |_|  |_| |_| |_|    |_____|         
         |_|                                                        
  _                       _            ____           _             
 | |       ___     __ _  (_)  _ __    / ___|   __ _  | |_    ___    
 | |      / _ \   / _` | | | | '_ \  | |  _   / _` | | __|  / _ \   
 | |___  | (_) | | (_| | | | | | | | | |_| | | (_| | | |_  |  __/   
 |_____|  \___/   \__, | |_| |_| |_|  \____|  \__,_|  \__|  \___|   
                  |___/                                             
                                                                    
[SelGate]                                                                       
   ___                           __  __   _          ____             
  / _ \   _ __     ___   _ __   |  \/  | (_)  _ __  |___ \            
 | | | | | '_ \   / _ \ | '_ \  | |\/| | | | | '__|   __) |           
 | |_| | | |_) | |  __/ | | | | | |  | | | | | |     / __/            
  \___/  | .__/   \___| |_| |_| |_|  |_| |_| |_|    |_____|           
         |_|                                                          
  ____           _    ____           _                                
 / ___|    ___  | |  / ___|   __ _  | |_    ___                       
 \___ \   / _ \ | | | |  _   / _` | | __|  / _ \                      
[SelGate]   ___) | |  __/ | | | |_| | | (_| | | |_  |  __/                      
 |____/   \___| |_|  \____|  \__,_|  \__|  \___|                      
                                                                      
[LoginGate] 01:49:29.660 [INF] 正在启动服务...
[SelGate] 01:49:29.760 [INF] 正在启动服务...
[SelGate] 01:49:29.876 [INF] 登陆网关[127.0.0.1:7100]已启动.
[SelGate] 01:49:29.888 [INF] 服务已启动成功...
[SelGate] 01:49:29.889 [INF] 欢迎使用翎风系列游戏软件...
01:49:29.889 [INF] 网站:http://www.gameofmir.com
01:49:29.889 [INF] 论坛:http://bbs.gameofmir.com
[SelGate] 01:49:29.896 [INF] 数据库服务器[127.0.0.1:5100]链接成功.
[DBSrv] 01:49:29.898 [INF] 角色网关[0](127.0.0.1:38328)已打开...
[LoginGate] 01:49:29.919 [INF] 登录网关[0.0.0.0:7000]已启动...
[LoginSrv] 01:49:29.928 [INF] 登录网关[127.0.0.1:43668]已链接...
[LoginGate] 01:49:29.931 [INF] 服务已启动成功...
01:49:29.931 [INF] 欢迎使用翎风系列游戏软件...
01:49:29.931 [INF] 网站:http://www.gameofmir.com
01:49:29.931 [INF] 论坛:http://bbs.gameofmir.com
[LoginGate] 01:49:29.944 [INF] 账号服务器[127.0.0.1:5500]链接成功.
[GameSrv] 01:49:30.044 [INF] 初始化脚本编码定义...
[GameSrv] 01:49:30.208 [INF] 正在读取配置信息...
01:49:30.208 [INF] 读取游戏引擎数据配置文件...
[GameSrv] 01:49:30.297 [INF] 初始化游戏引擎数据配置文件完成...
01:49:30.297 [INF] 初始化游戏基础数据...
[GameSrv] 01:49:30.301 [INF] 读取游戏命令配置...
[GameSrv] 01:49:30.334 [INF] 读取游戏命令配置完成...
[GameSrv] 01:49:30.337 [INF] 正在加载物品数据库...
[GameSrv] 01:49:30.947 [INF] 物品数据库加载成功...[1000]
[GameSrv] 01:49:30.948 [INF] 正在加小地图数据文件...
[GameSrv] 01:49:30.956 [INF] 小地图数据加载成功...
[GameSrv] 01:49:30.972 [INF] 正在加载地图数据...
[GameSrv] 01:49:31.290 [INF] 地图数据加载成功...[11]
01:49:31.291 [INF] 正在加载怪物数据库...
[GameSrv] 01:49:31.417 [INF] 加载怪物数据库成功...[705]
01:49:31.418 [INF] 正在加载技能数据库...
[GameSrv] 01:49:31.423 [INF] 加载技能数据库成功...[33]
01:49:31.423 [INF] 正在加载怪物刷新配置信息...
[GameSrv] 01:49:31.431 [INF] 加载怪物刷新配置信息成功...[1710]
01:49:31.432 [INF] 初始化怪物处理线程...
[GameSrv] 01:49:31.438 [INF] 初始化怪物处理完成...
01:49:31.438 [INF] 正加载怪物说话配置信息...
[GameSrv] 01:49:31.440 [INF] 加载怪物说话配置信息成功...[0]
[GameSrv] 01:49:31.452 [INF] 正在加载捆装物品信息...
[GameSrv] 01:49:31.453 [INF] 加载捆装物品信息成功...
01:49:31.453 [INF] 加载物品寄售系统...
[GameSrv] 01:49:31.458 [INF] 读取物品寄售列表成功...[0]
01:49:31.458 [INF] 正在加载任务地图信息...
[GameSrv] 01:49:31.466 [INF] 加载任务地图信息成功...
01:49:31.466 [INF] 正在加载任务说明信息...
[GameSrv] 01:49:31.469 [INF] 加载任务说明信息成功...
[GameSrv] 01:49:31.470 [INF] 正在加载公告提示信息...
[GameSrv] 01:49:31.471 [INF] 加载公告提示信息失败!!!
01:49:31.471 [INF] 加载公告提示信息成功...
[GameSrv] 01:49:31.473 [INF] 管理员列表加载成功...
[GameSrv] 01:49:31.488 [INF] 游戏网关初始化完成...
01:49:31.488 [INF] 正在初始化网络服务...
[GameSrv] 01:49:31.488 [INF] 初始化城堡服务...
[GameSrv] 01:49:31.509 [WRN] 皇宫地图0150没找到!!!
01:49:31.509 [WRN] 密道地图D701没找到!!!
[GameSrv] 01:49:31.509 [WRN] [错误信息] 城堡所在地图不存在(检查地图配置文件里是否有地图3的设置)
[GameSrv] 01:49:31.528 [INF] 城堡城初始完成...
[GameSrv] 01:49:31.534 [INF] 初始化游戏基础数据完成...
[GameSrv] 01:49:31.537 [INF] 初始化游戏世界服务...
[GameSrv] 01:49:31.540 [INF] 地图环境加载成功...
[GameSrv] 01:49:31.543 [INF] 交易NPC列表加载成功...
[GameSrv] 01:49:31.545 [INF] 管理NPC列表加载成功...
[GameSrv] 01:49:31.547 [INF] 炼制物品信息加载成功...
[GameSrv] 01:49:31.550 [INF] 回城点配置加载成功...
[GameSrv] 01:49:31.550 [INF] 正在初始安全区光圈...
[GameSrv] 01:49:31.551 [INF] 安全区光圈初始化成功...
[GameSrv] 01:49:31.555 [INF] 怪物线程初始化完成...[1]
[GameSrv] 01:49:31.573 [INF] 守卫列表加载成功...
[GameSrv] 01:49:31.573 [INF] 正在初始化NPC脚本...
[GameSrv] 01:49:31.810 [INF] 初始化NPC脚本完成...
[GameSrv] 01:49:31.814 [INF] 已读取 [0] 个行会信息...
[GameSrv] 01:49:31.817 [INF] 已读取 [2] 个城堡信息...
[GameSrv] 01:49:31.818 [INF] 游戏处理引擎初始化成功...
01:49:31.818 [INF] 初始化游戏世界服务完成...
[GameSrv] 01:49:31.829 [INF] Id生成器启动...
[GameSrv] 01:49:31.839 [INF] 玩家管理线程初始化完成...
[GameSrv] 01:49:31.844 [INF] 商人管理线程初始化完成...
[GameSrv] 01:49:31.845 [INF] 事件管理线程初始化完成...
[GameSrv] 01:49:31.846 [INF] 玩家数据数据线程启动...
[GameSrv] 01:49:31.851 [INF] 脚本机器人线程启动...
[GameSrv] 01:49:31.852 [INF] 技能Buff处理器启动...
[GameSrv] 01:49:31.856 [INF] 初始化地图矿物数据...[0]
[DBSrv] 01:49:31.883 [INF] 服务器连接: 127.0.0.1
[GameSrv] 01:49:31.901 [INF] 游戏网关[127.0.0.1:5000]已启动...
[GameSrv] 01:49:31.902 [INF] 登录服务器[tcp://127.0.0.1:5600/]连接成功...
01:49:31.902 [INF] 数据库服务器[tcp://127.0.0.1:6000/]连接成功...
[GameSrv] 01:49:31.902 [INF] 初始化游戏世界服务线程完成...
01:49:31.902 [INF] 欢迎使用翎风系列游戏软件...
01:49:31.902 [INF] 网站:http://www.gameofmir.com
01:49:31.902 [INF] 论坛:http://bbs.gameofmir.com
[GameGate] 
   ___                           __  __   _          ____                  
  / _ \   _ __     ___   _ __   |  \/  | (_)  _ __  |___ \                 
 | | | | | '_ \   / _ \ | '_ \  | |\/| | | | | '__|   __) |                
 | |_| | | |_) | |  __/ | | | | | |  | | | | | |     / __/                 
  \___/  | .__/   \___| |_| |_| |_|  |_| |_| |_|    |_____|                
         |_|                                                               
   ____                               ____           _                     
  / ___|   __ _   _ __ ___     ___   / ___|   __ _  | |_    ___            
 | |  _   / _` | | '_ ` _ \   / _ \ | |  _   / _` | | __|  / _ \           
 | |_| | | (_| | | | | | | | |  __/ | |_| | | (_| | | |_  |  __/           
  \____|  \__,_| |_| |_| |_|  \___|  \____|  \__,_|  \__|  \___|           
                                                                           
[GameGate] 01:49:32.779 [INF] 正在启动服务...
[GameGate] 01:49:32.799 [INF] 正在加载配置信息...
[GameGate] 01:49:32.821 [INF] 配置信息加载完成...
[GameGate] 01:49:32.878 [INF] 服务已启动成功...
01:49:32.878 [INF] 欢迎使用翎风系列游戏软件...
01:49:32.878 [INF] 网站:http://www.gameofmir.com
[GameGate] 01:49:32.878 [INF] 论坛:http://bbs.gameofmir.com
[GameGate] 01:49:32.905 [INF] 游戏网关[127.0.0.1:7200]已启动...
[GameGate] 01:49:32.911 [INF] 游戏网关[127.0.0.1:7200] 游戏引擎[127.0.0.1:5000]链接成功.
[GameGate] 01:49:32.912 [INF] ThreadPool.ThreadCount: 4 Minimum work threads: 8 Minimum completion port threads: 1
[GameSrv] 01:49:32.929 [INF] 游戏网关[127.0.0.1:44912]已打开...
OpenMir2 engine is ready.
