2026-10-05T00:24:14.143Z pw:browser <launching> /home/dev/.cache/ms-playwright/chromium_headless_shell-1243/chrome-headless-shell-linux64/chrome-headless-shell --disable-field-trial-config --disable-background-networking --disable-background-timer-throttling --disable-backgrounding-occluded-windows --disable-back-forward-cache --disable-breakpad --disable-client-side-phishing-detection --disable-component-extensions-with-background-pages --disable-component-update --no-default-browser-check --disable-default-apps --disable-dev-shm-usage --disable-edgeupdater --disable-extensions --disable-features=AvoidUnnecessaryBeforeUnloadCheckSync,DestroyProfileOnBrowserClose,DialMediaRouteProvider,GlobalMediaControls,HttpsUpgrades,LensOverlay,MediaRouter,PaintHolding,ThirdPartyStoragePartitioning,BlockOriginHeaderModificationOnRedirect,Translate,AutoDeElevate,OptimizationHints,msForceBrowserSignIn,msEdgeUpdateLaunchServicesPreferredVersion --enable-features=CDPScreenshotNewSurface --allow-pre-commit-input --disable-hang-monitor --disable-ipc-flooding-protection --disable-popup-blocking --disable-prompt-on-repost --disable-renderer-backgrounding --disable-updater-scheduler --force-color-profile=srgb --metrics-recording-only --no-first-run --password-store=basic --use-mock-keychain --no-service-autorun --export-tagged-pdf --disable-search-engine-choice-screen --unsafely-disable-devtools-self-xss-warnings --edge-skip-compat-layer-relaunch --disable-infobars --disable-search-engine-choice-screen --disable-sync --enable-unsafe-swiftshader --headless --hide-scrollbars --mute-audio --blink-settings=primaryHoverType=2,availableHoverTypes=2,primaryPointerType=4,availablePointerTypes=4 --no-sandbox --user-data-dir=/tmp/playwright_chromiumdev_profile-GhmgtV --remote-debugging-pipe --no-startup-window
2026-10-05T00:24:14.150Z pw:browser <launched> pid=1030859
2026-10-05T00:24:14.348Z pw:browser [pid=1030859][err] [1005/002414.347015:WARNING:media/gpu/vaapi/vaapi_wrapper.cc:1660] drmGetDevices2() has not found any devices
2026-10-05T00:24:14.349Z pw:browser [pid=1030859][err] [1005/002414.349756:WARNING:sandbox/policy/linux/sandbox_linux.cc:405] InitializeSandbox() called with multiple threads in process gpu-process.
2026-10-05T00:24:14.576Z pw:browser [pid=1030859][err] [1005/002414.574834:ERROR:gpu/command_buffer/service/gl_utils.cc:427] [.WebGL-0x248c00190200]GL Driver Message (OpenGL, Performance, GL_CLOSE_PATH_NV, High): GPU stall due to ReadPixels
2026-10-05T00:24:14.584Z pw:browser [pid=1030859][err] [1005/002414.583887:INFO:CONSOLE:0] "[.WebGL-0x248c00190200]GL Driver Message (OpenGL, Performance, GL_CLOSE_PATH_NV, High): GPU stall due to ReadPixels", source: http://127.0.0.1:18880/index.html (0)
2026-10-05T00:24:14.591Z pw:browser [pid=1030859][err] [1005/002414.591301:ERROR:gpu/command_buffer/service/gl_utils.cc:427] [.WebGL-0x248c00190200]GL Driver Message (OpenGL, Performance, GL_CLOSE_PATH_NV, High): GPU stall due to ReadPixels
2026-10-05T00:24:14.612Z pw:browser [pid=1030859][err] [1005/002414.610741:INFO:CONSOLE:0] "[.WebGL-0x248c00190200]GL Driver Message (OpenGL, Performance, GL_CLOSE_PATH_NV, High): GPU stall due to ReadPixels", source: http://127.0.0.1:18880/index.html (0)
2026-10-05T00:24:14.612Z pw:browser [pid=1030859][err] [1005/002414.612515:ERROR:gpu/command_buffer/service/gl_utils.cc:427] [.WebGL-0x248c00190200]GL Driver Message (OpenGL, Performance, GL_CLOSE_PATH_NV, High): GPU stall due to ReadPixels
2026-10-05T00:24:14.627Z pw:browser [pid=1030859][err] [1005/002414.627212:INFO:CONSOLE:0] "[.WebGL-0x248c00190200]GL Driver Message (OpenGL, Performance, GL_CLOSE_PATH_NV, High): GPU stall due to ReadPixels", source: http://127.0.0.1:18880/index.html (0)
2026-10-05T00:24:14.630Z pw:browser [pid=1030859][err] [1005/002414.629975:ERROR:gpu/command_buffer/service/gl_utils.cc:427] [.WebGL-0x248c00190200]GL Driver Message (OpenGL, Performance, GL_CLOSE_PATH_NV, High): GPU stall due to ReadPixels (this message will no longer repeat)
2026-10-05T00:24:14.634Z pw:browser [pid=1030859][err] [1005/002414.633892:INFO:CONSOLE:0] "[.WebGL-0x248c00190200]GL Driver Message (OpenGL, Performance, GL_CLOSE_PATH_NV, High): GPU stall due to ReadPixels (this message will no longer repeat)", source: http://127.0.0.1:18880/index.html (0)
PASS start: zero unresolved references, desktop/mobile, 284287 changed pixels.
PASS warehouse: zero unresolved references, desktop/mobile, 194493 changed pixels.
PASS city: zero unresolved references, desktop/mobile, 176491 changed pixels.
PASS city-south: zero unresolved references, desktop/mobile, 237133 changed pixels.
PASS southwest: zero unresolved references, desktop/mobile, 340480 changed pixels.
PASS northeast: zero unresolved references, desktop/mobile, 322646 changed pixels.
PASS forest-entrance: zero unresolved references, desktop/mobile, 356654 changed pixels.
PASS valley-entrance: zero unresolved references, desktop/mobile, 252414 changed pixels.
2026-10-05T00:25:19.245Z pw:browser [pid=1030859] <gracefully close start>
2026-10-05T00:25:19.277Z pw:browser [pid=1030859] <process did exit: exitCode=0, signal=null>
2026-10-05T00:25:19.278Z pw:browser [pid=1030859] starting temporary directories cleanup
2026-10-05T00:25:19.284Z pw:browser [pid=1030859] finished temporary directories cleanup
2026-10-05T00:25:19.284Z pw:browser [pid=1030859] <gracefully close end>
